// Jest Snapshot v1, https://goo.gl/fbAQLP

exports[` debe de hacer match con el snapshot 1`] = `
<div>
  <div
    class="card"
  >
    <img
      alt="Sayonara"
      src="https://sayprana.com/sayonara.jpg"
    />
    <p>
       
      Sayonara
       
    </p>
  </div>
</div>
`;
